# Keep this list synchronized with Mirilla-owned symbols emitted by the normal module build.
# Mirilla function and static-storage symbols that use seed-keyed aliases in stealth builds.
mirilla_context_device_construct
mirilla_context_device_destruct
mirilla_context_except_construct
mirilla_context_except_destruct
mirilla_context_except_reference_get
mirilla_context_except_reference_set
mirilla_context_except_table_construct
mirilla_context_except_table_destruct
mirilla_context_except_table_reference_get
mirilla_context_except_table_reference_set
mirilla_context_map_peephole_construct
mirilla_context_map_peephole_destruct
mirilla_context_map_peephole_reference_get
mirilla_context_map_peephole_reference_set
mirilla_context_map_target_construct
mirilla_context_map_target_destruct
mirilla_context_map_target_reference_get
mirilla_context_map_target_reference_set
mirilla_device_class
mirilla_device_fops
mirilla_device_major_number
mirilla_device_name
mirilla_device_number
mirilla_device_register
mirilla_device_struct
mirilla_device_unregister
mirilla_except_action_apply
mirilla_except_action_valid
mirilla_except_active_tables_get
mirilla_except_boundary_valid
mirilla_except_context
mirilla_except_deinitialize
mirilla_except_file_mmap
mirilla_except_file_operations
mirilla_except_file_release
mirilla_except_ftrace
mirilla_except_handle_command
mirilla_except_handled
mirilla_except_initialize
mirilla_except_lookup
mirilla_except_predicate_match
mirilla_except_predicate_valid
mirilla_except_registry_deinitialize
mirilla_except_registry_initialize
mirilla_except_slab_operations
mirilla_except_slab_owner_get
mirilla_except_slab_owner_put
mirilla_except_table_conflicts
mirilla_except_table_publish
mirilla_except_table_revoke
mirilla_except_table_validate
mirilla_exit
mirilla_init
mirilla_ioctl
mirilla_map_handle_command
mirilla_map_handle_command_address_space_layout
mirilla_map_handle_command_disengage
mirilla_map_handle_command_engage
mirilla_map_handle_command_peephole
mirilla_map_peephole_file_mmap
mirilla_map_peephole_file_operations
mirilla_map_peephole_file_release
mirilla_map_peephole_populate
mirilla_map_peephole_pte_mkwrite
mirilla_map_peephole_vm_close
mirilla_map_peephole_vm_fault
mirilla_map_peephole_vm_mprotect
mirilla_map_peephole_vm_mremap
mirilla_map_peephole_vm_open
mirilla_map_peephole_vm_operations
mirilla_map_peephole_vm_pfn_mkwrite
mirilla_map_target_notificate_invalidate_range
mirilla_open
mirilla_peephole_mmu_interval_notifier_operations
mirilla_release
mirilla_slab_edit
mirilla_slab_map
mirilla_slab_mapping_validate
mirilla_slab_operations_valid
mirilla_slab_publish
mirilla_slab_release
mirilla_slab_reserve
mirilla_slab_set_empty
mirilla_slab_set_initialize
mirilla_slab_vm_close
mirilla_slab_vm_fault
mirilla_slab_vm_may_split
mirilla_slab_vm_mprotect
mirilla_slab_vm_mremap
mirilla_slab_vm_operations
